gpl.cpp::main()
  input file(tests/t002.gpl)
  random seed(42)
  read_keypresses_from_standard_input(true)
  dump_pixels(false)
  symbol_table(true)
  graphics(true)

gpl.cpp::main() Calling yyparse()


gpl.cpp::main() after call to yyparse().


Printing the symbol table from main()
gpl.cpp::main() Calling window->initialize().


gpl.cpp::main() Passing control to window->main_loop().
print[3]: first
print[4]: second
print[5]: third
print[6]: fourth
print[7]: fifth
print[8]: sixth
print[9]: seventh
print[10]: eighth
print[11]: ninth
print[12]: tenth

User quit program. Printing the symbol table.
