gpl.cpp::main()
  input file(tests/t007.gpl)
  random seed(42)
  read_keypresses_from_standard_input(true)
  dump_pixels(false)
  symbol_table(true)
  graphics(true)

gpl.cpp::main() Calling yyparse()


gpl.cpp::main() after call to yyparse().


Printing the symbol table from main()
int a = 4444
string name = "bilbo"
double q = 99
double r = 88.8
gpl.cpp::main() Calling window->initialize().


gpl.cpp::main() Passing control to window->main_loop().

User quit program. Printing the symbol table.
int a = 4444
string name = "bilbo"
double q = 99
double r = 88.8
