gpl.cpp::main()
  input file(tests/t001.gpl)
  random seed(42)
  read_keypresses_from_standard_input(true)
  dump_pixels(false)
  symbol_table(true)
  graphics(true)

gpl.cpp::main() Calling yyparse()


gpl.cpp::main() after call to yyparse().


Printing the symbol table from main()
int counter = 5
gpl.cpp::main() Calling window->initialize().


gpl.cpp::main() Passing control to window->main_loop().
print[7]: Counting down: 5
print[7]: Counting down: 4
print[7]: Counting down: 3
print[7]: Counting down: 2
print[7]: Counting down: 1

User quit program. Printing the symbol table.
int counter = 0
